WARNING:reprotest:The control build runs on 1 CPU by default, give --min-cpus to increase this.
  Determining projects to restore...
  Restored /tmp/reprotest.QXzSVN/const_build_path/minlib.csproj (in 155 ms).
  minlib -> /tmp/reprotest.QXzSVN/const_build_path/bin/Release/net9.0/minlib.dll

Build succeeded.
    0 Warning(s)
    0 Error(s)

Time Elapsed 00:00:05.08
  Determining projects to restore...
  Restored /tmp/reprotest.QXzSVN/const_build_path/minlib.csproj (in 355 ms).
  minlib -> /tmp/reprotest.QXzSVN/const_build_path/bin/Release/net9.0/minlib.dll

Build succeeded.
    0 Warning(s)
    0 Error(s)

Time Elapsed 00:00:06.47
=======================
Reproduction successful
=======================
No differences in ./bin/Release/net9.0/minlib.dll
0858f3cc54b864a022cf31d9074f4dcab4ba3d3f97aa82574ff34d3257f05d60  ./bin/Release/net9.0/minlib.dll
However, other factors may still make the build unreproducible; try re-running with --vary=+all.
