WARNING:reprotest:The control build runs on 1 CPU by default, give --min-cpus to increase this.
  Determining projects to restore...
  Restored /tmp/reprotest.44whMK/const_build_path/minlib.csproj (in 155 ms).
  minlib -> /tmp/reprotest.44whMK/const_build_path/bin/Release/net9.0/minlib.dll

Build succeeded.
    0 Warning(s)
    0 Error(s)

Time Elapsed 00:00:04.54
  Determining projects to restore...
  Restored /tmp/reprotest.44whMK/const_build_path/minlib.csproj (in 351 ms).
  minlib -> /tmp/reprotest.44whMK/const_build_path/bin/Release/net9.0/minlib.dll

Build succeeded.
    0 Warning(s)
    0 Error(s)

Time Elapsed 00:00:05.39
=======================
Reproduction successful
=======================
No differences in ./bin/Release/net9.0/minlib.dll
df22d4d0e994e1b00d64f7cf71063aed4fb7cbd6f07e5978ceb0d605b4f7428b  ./bin/Release/net9.0/minlib.dll
However, other factors may still make the build unreproducible; try re-running with --vary=+all.
