WARNING:reprotest:The control build runs on 1 CPU by default, give --min-cpus to increase this.
  Determining projects to restore...
  Restored /tmp/reprotest.3MIaNr/const_build_path/minlib.csproj (in 208 ms).
  minlib -> /tmp/reprotest.3MIaNr/const_build_path/bin/Release/net9.0/minlib.dll

Build succeeded.
    0 Warning(s)
    0 Error(s)

Time Elapsed 00:00:04.57
  Determining projects to restore...
  Restored /tmp/reprotest.3MIaNr/const_build_path/minlib.csproj (in 159 ms).
  minlib -> /tmp/reprotest.3MIaNr/const_build_path/bin/Release/net9.0/minlib.dll

Build succeeded.
    0 Warning(s)
    0 Error(s)

Time Elapsed 00:00:04.59
=======================
Reproduction successful
=======================
No differences in ./bin/Release/net9.0/minlib.dll
49c093f988eaf99dc1133c03447b2eb30a75e152cf555f31a89cadfdad019af4  ./bin/Release/net9.0/minlib.dll
However, other factors may still make the build unreproducible; try re-running with --vary=+all.
