WARNING:reprotest:The control build runs on 1 CPU by default, give --min-cpus to increase this.
  Determining projects to restore...
  Restored /tmp/reprotest.2p9Lzd/const_build_path/minlib.csproj (in 157 ms).
  minlib -> /tmp/reprotest.2p9Lzd/const_build_path/bin/Release/net9.0/minlib.dll

Build succeeded.
    0 Warning(s)
    0 Error(s)

Time Elapsed 00:00:03.76
  Determining projects to restore...
  Restored /tmp/reprotest.2p9Lzd/const_build_path/minlib.csproj (in 162 ms).
  minlib -> /tmp/reprotest.2p9Lzd/const_build_path/bin/Release/net9.0/minlib.dll

Build succeeded.
    0 Warning(s)
    0 Error(s)

Time Elapsed 00:00:03.90
=======================
Reproduction successful
=======================
No differences in ./bin/Release/net9.0/minlib.dll
c934fa0ca6c12ea9d35e3d05aef21b9c11227c387d1ae1836a26a55a554de5dd  ./bin/Release/net9.0/minlib.dll
However, other factors may still make the build unreproducible; try re-running with --vary=+all.
