WARNING:reprotest:The control build runs on 1 CPU by default, give --min-cpus to increase this.
INFO:reprotest:STARTING VIRTUAL SERVER ['/home/leos/.local/share/pipx/venvs/reprotest/lib/python3.14/site-packages/reprotest/virt/autopkgtest-virt-null']
reprotest: WARNING: Could not load target distro keychain. Falling back to Debian
which: no dpkg-query in (/usr/local/bin:/usr/bin:/home/leos/.local/bin:/home/leos/.local/opt/apache-maven-3.9.16/bin)
INFO:reprotest:build "control": FIX environment, FIX build_path, FIX kernel, FIX aslr, FIX num_cpus, FIX time, FIX user_group, FIX fileordering, FIX domain_host, FIX home, FIX locales, FIX exec_path, FIX timezone, FIX umask
INFO:reprotest.build:BUILD_PATH variation: const_path = /tmp/reprotest.uRE8es/const_build_path
INFO:reprotest.build:TIMEZONE variation: TZ=GMT+12
INFO:reprotest:copying . over to virtual server's /tmp/reprotest.uRE8es/build-control/
INFO:reprotest:starting build with source directory: /tmp/reprotest.uRE8es/build-control/, artifact pattern: ./*.gem
INFO:reprotest:executing build in /tmp/reprotest.uRE8es/const_build_path/
WARNING:  no homepage specified
WARNING:  make sure you specify the oldest ruby version constraint (like ">= 3.0") that you want your gem to support by setting the `required_ruby_version` gemspec attribute
WARNING:  See https://guides.rubygems.org/specification-reference/ for help
  Successfully built RubyGem
  Name: rb1min
  Version: 1.0.0
  File: rb1min-1.0.0.gem
INFO:reprotest:build successful, copying artifacts
INFO:reprotest:copying /tmp/reprotest.uRE8es/artifacts-control/ back from virtual server's /home/leos/Dev/speciale-2026/data/toolchain-servers/arch/rt-gem-time-store/control
INFO:reprotest:build "experiment-1": FIX environment, FIX build_path, FIX kernel, FIX aslr, FIX num_cpus, vary time, FIX user_group, FIX fileordering, FIX domain_host, FIX home, FIX locales, FIX exec_path, FIX timezone, FIX umask
INFO:reprotest.build:BUILD_PATH variation: const_path = /tmp/reprotest.uRE8es/const_build_path
INFO:reprotest.build:FAKETIME variation: faketime = +398days+16hours+51minutes
INFO:reprotest.build:TIMEZONE variation: TZ=GMT+12
INFO:reprotest:copying . over to virtual server's /tmp/reprotest.uRE8es/build-experiment-1/
INFO:reprotest:starting build with source directory: /tmp/reprotest.uRE8es/build-experiment-1/, artifact pattern: ./*.gem
INFO:reprotest:executing build in /tmp/reprotest.uRE8es/const_build_path/
WARNING:  no homepage specified
WARNING:  make sure you specify the oldest ruby version constraint (like ">= 3.0") that you want your gem to support by setting the `required_ruby_version` gemspec attribute
WARNING:  See https://guides.rubygems.org/specification-reference/ for help
  Successfully built RubyGem
  Name: rb1min
  Version: 1.0.0
  File: rb1min-1.0.0.gem
INFO:reprotest:build successful, copying artifacts
INFO:reprotest:copying /tmp/reprotest.uRE8es/artifacts-experiment-1/ back from virtual server's /home/leos/Dev/speciale-2026/data/toolchain-servers/arch/rt-gem-time-store/experiment-1
INFO:reprotest:Running diffoscope: ['diffoscope', '--exclude-directory-metadata=yes', '/home/leos/Dev/speciale-2026/data/toolchain-servers/arch/rt-gem-time-store/control', '/home/leos/Dev/speciale-2026/data/toolchain-servers/arch/rt-gem-time-store/experiment-1']
INFO:reprotest:No differences between /home/leos/Dev/speciale-2026/data/toolchain-servers/arch/rt-gem-time-store/control, /home/leos/Dev/speciale-2026/data/toolchain-servers/arch/rt-gem-time-store/experiment-1
=======================
Reproduction successful
=======================
No differences in ./*.gem
674fa49396594a8915d6d744b02c956daa534d5e8dc4afc5f59c17b73086c20c  ./rb1min-1.0.0.gem
However, other factors may still make the build unreproducible; try re-running with --vary=+all.
