WARNING:reprotest:The control build runs on 1 CPU by default, give --min-cpus to increase this.
INFO:reprotest:STARTING VIRTUAL SERVER ['/home/leos/.local/share/pipx/venvs/reprotest/lib/python3.14/site-packages/reprotest/virt/autopkgtest-virt-null']
reprotest: WARNING: Could not load target distro keychain. Falling back to Debian
which: no dpkg-query in (/usr/local/bin:/usr/bin:/home/leos/.local/bin:/home/leos/.local/opt/apache-maven-3.9.16/bin)
INFO:reprotest:build "control": FIX environment, FIX build_path, FIX kernel, FIX aslr, FIX num_cpus, FIX time, FIX user_group, FIX fileordering, FIX domain_host, FIX home, FIX locales, FIX exec_path, FIX timezone, FIX umask
INFO:reprotest.build:BUILD_PATH variation: const_path = /tmp/reprotest.23xWXP/const_build_path
INFO:reprotest.build:TIMEZONE variation: TZ=GMT+12
INFO:reprotest:copying . over to virtual server's /tmp/reprotest.23xWXP/build-control/
INFO:reprotest:starting build with source directory: /tmp/reprotest.23xWXP/build-control/, artifact pattern: ./target/*
INFO:reprotest:executing build in /tmp/reprotest.23xWXP/const_build_path/
[INFO] Scanning for projects...
[INFO] 
[INFO] -----------------------------< rb1:rb1min >-----------------------------
[INFO] Building rb1min 1.0.0
[INFO]   from pom.xml
[INFO] --------------------------------[ jar ]---------------------------------
[INFO] 
[INFO] --- clean:3.2.0:clean (default-clean) @ rb1min ---
[INFO] 
[INFO] --- resources:3.4.0:resources (default-resources) @ rb1min ---
[INFO] skip non existing resourceDirectory /tmp/reprotest.23xWXP/const_build_path/src/main/resources
[INFO] 
[INFO] --- compiler:3.14.0:compile (default-compile) @ rb1min ---
[INFO] Recompiling the module because of changed source code.
[INFO] Compiling 1 source file with javac [debug release 17] to target/classes
[INFO] 
[INFO] --- resources:3.4.0:testResources (default-testResources) @ rb1min ---
[INFO] skip non existing resourceDirectory /tmp/reprotest.23xWXP/const_build_path/src/test/resources
[INFO] 
[INFO] --- compiler:3.14.0:testCompile (default-testCompile) @ rb1min ---
[INFO] No sources to compile
[INFO] 
[INFO] --- surefire:3.5.4:test (default-test) @ rb1min ---
[INFO] No tests to run.
[INFO] 
[INFO] --- jar:3.5.0:jar (default-jar) @ rb1min ---
[INFO] Building jar: /tmp/reprotest.23xWXP/const_build_path/target/rb1min-1.0.0.jar
[INFO] 
[INFO] --- install:3.1.4:install (default-install) @ rb1min ---
[INFO] Installing /tmp/reprotest.23xWXP/const_build_path/pom.xml to /home/leos/.m2/repository/rb1/rb1min/1.0.0/rb1min-1.0.0.pom
[INFO] Installing /tmp/reprotest.23xWXP/const_build_path/target/rb1min-1.0.0.jar to /home/leos/.m2/repository/rb1/rb1min/1.0.0/rb1min-1.0.0.jar
[INFO] ------------------------------------------------------------------------
[INFO] BUILD SUCCESS
[INFO] ------------------------------------------------------------------------
[INFO] Total time:  5.820 s
[INFO] Finished at: 2026-09-24T23:37:27+12:00
[INFO] ------------------------------------------------------------------------
INFO:reprotest:build successful, copying artifacts
INFO:reprotest:copying /tmp/reprotest.23xWXP/artifacts-control/ back from virtual server's /home/leos/Dev/speciale-2026/data/toolchain-servers/arch/rt-maven-time-store/control
INFO:reprotest:build "experiment-1": FIX environment, FIX build_path, FIX kernel, FIX aslr, FIX num_cpus, vary time, FIX user_group, FIX fileordering, FIX domain_host, FIX home, FIX locales, FIX exec_path, FIX timezone, FIX umask
INFO:reprotest.build:BUILD_PATH variation: const_path = /tmp/reprotest.23xWXP/const_build_path
INFO:reprotest.build:FAKETIME variation: faketime = +398days+3hours+41minutes
INFO:reprotest.build:TIMEZONE variation: TZ=GMT+12
INFO:reprotest:copying . over to virtual server's /tmp/reprotest.23xWXP/build-experiment-1/
INFO:reprotest:starting build with source directory: /tmp/reprotest.23xWXP/build-experiment-1/, artifact pattern: ./target/*
INFO:reprotest:executing build in /tmp/reprotest.23xWXP/const_build_path/
[INFO] Scanning for projects...
[INFO] 
[INFO] -----------------------------< rb1:rb1min >-----------------------------
[INFO] Building rb1min 1.0.0
[INFO]   from pom.xml
[INFO] --------------------------------[ jar ]---------------------------------
[INFO] 
[INFO] --- clean:3.2.0:clean (default-clean) @ rb1min ---
[INFO] 
[INFO] --- resources:3.4.0:resources (default-resources) @ rb1min ---
[INFO] skip non existing resourceDirectory /tmp/reprotest.23xWXP/const_build_path/src/main/resources
[INFO] 
[INFO] --- compiler:3.14.0:compile (default-compile) @ rb1min ---
[INFO] Recompiling the module because of changed source code.
[INFO] Compiling 1 source file with javac [debug release 17] to target/classes
[INFO] 
[INFO] --- resources:3.4.0:testResources (default-testResources) @ rb1min ---
[INFO] skip non existing resourceDirectory /tmp/reprotest.23xWXP/const_build_path/src/test/resources
[INFO] 
[INFO] --- compiler:3.14.0:testCompile (default-testCompile) @ rb1min ---
[INFO] No sources to compile
[INFO] 
[INFO] --- surefire:3.5.4:test (default-test) @ rb1min ---
[INFO] No tests to run.
[INFO] 
[INFO] --- jar:3.5.0:jar (default-jar) @ rb1min ---
[INFO] Building jar: /tmp/reprotest.23xWXP/const_build_path/target/rb1min-1.0.0.jar
[INFO] 
[INFO] --- install:3.1.4:install (default-install) @ rb1min ---
[INFO] Installing /tmp/reprotest.23xWXP/const_build_path/pom.xml to /home/leos/.m2/repository/rb1/rb1min/1.0.0/rb1min-1.0.0.pom
[INFO] Installing /tmp/reprotest.23xWXP/const_build_path/target/rb1min-1.0.0.jar to /home/leos/.m2/repository/rb1/rb1min/1.0.0/rb1min-1.0.0.jar
[INFO] ------------------------------------------------------------------------
[INFO] BUILD SUCCESS
[INFO] ------------------------------------------------------------------------
[INFO] Total time:  6.404 s
[INFO] Finished at: 2027-10-28T03:18:39+12:00
[INFO] ------------------------------------------------------------------------
INFO:reprotest:build successful, copying artifacts
INFO:reprotest:copying /tmp/reprotest.23xWXP/artifacts-experiment-1/ back from virtual server's /home/leos/Dev/speciale-2026/data/toolchain-servers/arch/rt-maven-time-store/experiment-1
INFO:reprotest:Running diffoscope: ['diffoscope', '--exclude-directory-metadata=yes', '/home/leos/Dev/speciale-2026/data/toolchain-servers/arch/rt-maven-time-store/control', '/home/leos/Dev/speciale-2026/data/toolchain-servers/arch/rt-maven-time-store/experiment-1']
--- /home/leos/Dev/speciale-2026/data/toolchain-servers/arch/rt-maven-time-store/control
+++ /home/leos/Dev/speciale-2026/data/toolchain-servers/arch/rt-maven-time-store/experiment-1
│   --- /home/leos/Dev/speciale-2026/data/toolchain-servers/arch/rt-maven-time-store/control/source-root
├── +++ /home/leos/Dev/speciale-2026/data/toolchain-servers/arch/rt-maven-time-store/experiment-1/source-root
│ │   --- /home/leos/Dev/speciale-2026/data/toolchain-servers/arch/rt-maven-time-store/control/source-root/target
│ ├── +++ /home/leos/Dev/speciale-2026/data/toolchain-servers/arch/rt-maven-time-store/experiment-1/source-root/target
│ │ │   --- /home/leos/Dev/speciale-2026/data/toolchain-servers/arch/rt-maven-time-store/control/source-root/target/rb1min-1.0.0.jar
│ │ ├── +++ /home/leos/Dev/speciale-2026/data/toolchain-servers/arch/rt-maven-time-store/experiment-1/source-root/target/rb1min-1.0.0.jar
│ │ │ ├── zipinfo {}
│ │ │ │ @@ -1,11 +1,11 @@
│ │ │ │  Zip file size: 1741 bytes, number of entries: 9
│ │ │ │ -drwxr-xr-x  2.0 unx        0 b- stor 26-Sep-24 23:37 META-INF/
│ │ │ │ --rw-r--r--  2.0 unx       99 b- defN 26-Sep-24 23:37 META-INF/MANIFEST.MF
│ │ │ │ +drwxr-xr-x  2.0 unx        0 b- stor 27-Oct-28 03:18 META-INF/
│ │ │ │ +-rw-r--r--  2.0 unx       99 b- defN 27-Oct-28 03:18 META-INF/MANIFEST.MF
│ │ │ │  drwxr-xr-x  2.0 unx        0 b- stor 26-Sep-24 23:37 rb1/
│ │ │ │ -drwxr-xr-x  2.0 unx        0 b- stor 26-Sep-24 23:37 META-INF/maven/
│ │ │ │ -drwxr-xr-x  2.0 unx        0 b- stor 26-Sep-24 23:37 META-INF/maven/rb1/
│ │ │ │ -drwxr-xr-x  2.0 unx        0 b- stor 26-Sep-24 23:37 META-INF/maven/rb1/rb1min/
│ │ │ │ +drwxr-xr-x  2.0 unx        0 b- stor 27-Oct-28 03:18 META-INF/maven/
│ │ │ │ +drwxr-xr-x  2.0 unx        0 b- stor 27-Oct-28 03:18 META-INF/maven/rb1/
│ │ │ │ +drwxr-xr-x  2.0 unx        0 b- stor 27-Oct-28 03:18 META-INF/maven/rb1/rb1min/
│ │ │ │  -rw-r--r--  2.0 unx      296 b- defN 26-Sep-24 23:37 rb1/Min.class
│ │ │ │  -rw-r--r--  2.0 unx      767 b- defN 26-Sep-24 23:33 META-INF/maven/rb1/rb1min/pom.xml
│ │ │ │  -rw-r--r--  2.0 unx       44 b- defN 26-Sep-24 23:37 META-INF/maven/rb1/rb1min/pom.properties
│ │ │ │  9 files, 1206 bytes uncompressed, 677 bytes compressed:  43.9%
