WARNING:reprotest:The control build runs on 1 CPU by default, give --min-cpus to increase this.
INFO:reprotest:STARTING VIRTUAL SERVER ['/home/leos/.local/share/pipx/venvs/reprotest/lib/python3.14/site-packages/reprotest/virt/autopkgtest-virt-null']
reprotest: WARNING: Could not load target distro keychain. Falling back to Debian
which: no dpkg-query in (/usr/local/bin:/usr/bin:/home/leos/.local/bin:/home/leos/.local/opt/apache-maven-3.9.16/bin)
INFO:reprotest:build "control": FIX environment, FIX build_path, FIX kernel, FIX aslr, FIX num_cpus, FIX time, FIX user_group, FIX fileordering, FIX domain_host, FIX home, FIX locales, FIX exec_path, FIX timezone, FIX umask
INFO:reprotest.build:BUILD_PATH variation: const_path = /tmp/reprotest.WzJ6gj/const_build_path
INFO:reprotest.build:TIMEZONE variation: TZ=GMT+12
INFO:reprotest:copying . over to virtual server's /tmp/reprotest.WzJ6gj/build-control/
INFO:reprotest:starting build with source directory: /tmp/reprotest.WzJ6gj/build-control/, artifact pattern: ./dist/*.whl
INFO:reprotest:executing build in /tmp/reprotest.WzJ6gj/const_build_path/
Processing ./.
  Installing build dependencies: started
  Installing build dependencies: finished with status 'done'
  Getting requirements to build wheel: started
  Getting requirements to build wheel: finished with status 'done'
  Preparing metadata (pyproject.toml): started
  Preparing metadata (pyproject.toml): finished with status 'done'
Building wheels for collected packages: rb1min
  Building wheel for rb1min (pyproject.toml): started
  Building wheel for rb1min (pyproject.toml): finished with status 'done'
  Created wheel for rb1min: filename=rb1min-1.0.0-py3-none-any.whl size=1136 sha256=12ef3df6b6733faa94c3563ce63a0df7a4f26670069381e8c5f9ead792ae92eb
  Stored in directory: /tmp/pip-ephem-wheel-cache-oxaaa2mx/wheels/ce/01/01/e10deb7a21c1adc28e331f637341f879c7dedd04ce936a1fe3
Successfully built rb1min
INFO:reprotest:build successful, copying artifacts
INFO:reprotest:copying /tmp/reprotest.WzJ6gj/artifacts-control/ back from virtual server's /home/leos/Dev/speciale-2026/data/toolchain-servers/arch/rt-pip-time-store/control
INFO:reprotest:build "experiment-1": FIX environment, FIX build_path, FIX kernel, FIX aslr, FIX num_cpus, vary time, FIX user_group, FIX fileordering, FIX domain_host, FIX home, FIX locales, FIX exec_path, FIX timezone, FIX umask
INFO:reprotest.build:BUILD_PATH variation: const_path = /tmp/reprotest.WzJ6gj/const_build_path
INFO:reprotest.build:FAKETIME variation: faketime = +398days+14hours+44minutes
INFO:reprotest.build:TIMEZONE variation: TZ=GMT+12
INFO:reprotest:copying . over to virtual server's /tmp/reprotest.WzJ6gj/build-experiment-1/
INFO:reprotest:starting build with source directory: /tmp/reprotest.WzJ6gj/build-experiment-1/, artifact pattern: ./dist/*.whl
INFO:reprotest:executing build in /tmp/reprotest.WzJ6gj/const_build_path/
Processing ./.
  Installing build dependencies: started
  Installing build dependencies: finished with status 'error'
  error: subprocess-exited-with-error
  
  × installing build dependencies did not run successfully.
  │ exit code: 1
  ╰─> [8 lines of output]
      WARNING: Retrying (Retry(total=4, connect=None, read=None, redirect=None, status=None)) after connection broken by 'SSLError(SSLCertVerificationError(1, '[SSL: CERTIFICATE_VERIFY_FAILED] certificate verify failed: certificate has expired (_ssl.c:1082)'))': /simple/setuptools/
      WARNING: Retrying (Retry(total=3, connect=None, read=None, redirect=None, status=None)) after connection broken by 'SSLError(SSLCertVerificationError(1, '[SSL: CERTIFICATE_VERIFY_FAILED] certificate verify failed: certificate has expired (_ssl.c:1082)'))': /simple/setuptools/
      WARNING: Retrying (Retry(total=2, connect=None, read=None, redirect=None, status=None)) after connection broken by 'SSLError(SSLCertVerificationError(1, '[SSL: CERTIFICATE_VERIFY_FAILED] certificate verify failed: certificate has expired (_ssl.c:1082)'))': /simple/setuptools/
      WARNING: Retrying (Retry(total=1, connect=None, read=None, redirect=None, status=None)) after connection broken by 'SSLError(SSLCertVerificationError(1, '[SSL: CERTIFICATE_VERIFY_FAILED] certificate verify failed: certificate has expired (_ssl.c:1082)'))': /simple/setuptools/
      WARNING: Retrying (Retry(total=0, connect=None, read=None, redirect=None, status=None)) after connection broken by 'SSLError(SSLCertVerificationError(1, '[SSL: CERTIFICATE_VERIFY_FAILED] certificate verify failed: certificate has expired (_ssl.c:1082)'))': /simple/setuptools/
      Could not fetch URL https://pypi.org/simple/setuptools/: There was a problem confirming the ssl certificate: [SSL: CERTIFICATE_VERIFY_FAILED] certificate verify failed: certificate has expired (_ssl.c:1082) - skipping
      ERROR: Could not find a version that satisfies the requirement setuptools>=61 (from versions: none)
      ERROR: No matching distribution found for setuptools>=61
      [end of output]
  
  note: This error originates from a subprocess, and is likely not a problem with pip.
ERROR: Failed to build 'file:///tmp/reprotest.WzJ6gj/const_build_path' when installing build dependencies
Traceback (most recent call last):
  File "/home/leos/.local/share/pipx/venvs/reprotest/lib/python3.14/site-packages/reprotest/__init__.py", line 862, in run
    return 0 if check_func(*check_args) else 1
                ~~~~~~~~~~^^^^^^^^^^^^^
  File "/home/leos/.local/share/pipx/venvs/reprotest/lib/python3.14/site-packages/reprotest/__init__.py", line 379, in check
    local_dists += [proc.send(nv) for nv in zip(bnames[1:], build_variations[1:])]
                    ~~~~~~~~~^^^^
  File "/home/leos/.local/share/pipx/venvs/reprotest/lib/python3.14/site-packages/reprotest/__init__.py", line 339, in corun_builds
    bctx.run_build(testbed, build, os.environ, artifact_pattern, testbed_build_pre, no_clean_on_error)
    ~~~~~~~~~~~~~~^^^^^^^^^^^^^^^^^^^^^^^^^^^^^^^^^^^^^^^^^^^^^^^^^^^^^^^^^^^^^^^^^^^^^^^^^^^^^^^^^^^^
  File "/home/leos/.local/share/pipx/venvs/reprotest/lib/python3.14/site-packages/reprotest/__init__.py", line 218, in run_build
    testbed.check_exec2(build_argv,
    ~~~~~~~~~~~~~~~~~~~^^^^^^^^^^^^
        xenv=['-i'] + ['%s=%s' % (k, v) for k, v in build.env.items()],
        ^^^^^^^^^^^^^^^^^^^^^^^^^^^^^^^^^^^^^^^^^^^^^^^^^^^^^^^^^^^^^^^
        kind='build')
        ^^^^^^^^^^^^^
  File "/home/leos/.local/share/pipx/venvs/reprotest/lib/python3.14/site-packages/reprotest/__init__.py", line 63, in check_exec2
    self.bomb('"%s" failed with status %i' % (' '.join(argv), code),
    ~~~~~~~~~^^^^^^^^^^^^^^^^^^^^^^^^^^^^^^^^^^^^^^^^^^^^^^^^^^^^^^^
              adtlog.AutopkgtestError)
              ^^^^^^^^^^^^^^^^^^^^^^^^
  File "/home/leos/.local/share/pipx/venvs/reprotest/lib/python3.14/site-packages/reprotest/__init__.py", line 70, in bomb
    raise _type(m)
reprotest.lib.adtlog.AutopkgtestError: "sh -ec run_build() {
    mkdir -p /tmp/reprotest.WzJ6gj/build-experiment-1-aux && \
    mv /tmp/reprotest.WzJ6gj/build-experiment-1/ /tmp/reprotest.WzJ6gj/const_build_path && \
    SETARCH_OPTS="$SETARCH_OPTS -R" && \
    CPU_MAX=$(nproc) && \
    CPU_MIN=$({ echo $CPU_MAX; echo 1; } | sort -n | head -n1) && \
    CPU_NUM=$CPU_MIN && \
    export CPU_LIST="$(echo $(shuf -i0-$((CPU_MAX - 1)) -n$CPU_NUM) | tr ' ' ,)" && \
    umask 0022 && \
    export REPROTEST_BUILD_PATH=/tmp/reprotest.WzJ6gj/const_build_path/ && \
    export REPROTEST_UMASK=$(umask) && \
    faketime +398days+14hours+44minutes \
    taskset -a -c $CPU_LIST \
    sh -ec 'cd "$REPROTEST_BUILD_PATH"; unset REPROTEST_BUILD_PATH; umask "$REPROTEST_UMASK"; unset REPROTEST_UMASK; pip3 wheel -w dist --no-deps .'
}

cleanup() {
    __c=0; \
    mv /tmp/reprotest.WzJ6gj/const_build_path /tmp/reprotest.WzJ6gj/build-experiment-1/ || __c=$?; \
    rm -rf /tmp/reprotest.WzJ6gj/build-experiment-1-aux || __c=$?; \
    exit $__c
}

trap '( cleanup )' HUP INT QUIT ABRT TERM PIPE # FIXME doesn't quite work reliably yet

if ( run_build ); then ( cleanup ); else
    __x=$?; # save the exit code of run_build
    if ( ! false ); then
        if ( cleanup ); then :; else echo >&2 "cleanup failed with exit code $?"; fi;
    fi
    exit $__x
fi" failed with status 1
