WARNING:reprotest:The control build runs on 1 CPU by default, give --min-cpus to increase this.
  Determining projects to restore...
  Restored /tmp/reprotest.QIC3oD/const_build_path/minlib.csproj (in 169 ms).
  minlib -> /tmp/reprotest.QIC3oD/const_build_path/bin/Release/net9.0/minlib.dll

Build succeeded.
    0 Warning(s)
    0 Error(s)

Time Elapsed 00:00:03.73
  Determining projects to restore...
  Restored /tmp/reprotest.QIC3oD/const_build_path/minlib.csproj (in 180 ms).
  minlib -> /tmp/reprotest.QIC3oD/const_build_path/bin/Release/net9.0/minlib.dll

Build succeeded.
    0 Warning(s)
    0 Error(s)

Time Elapsed 00:00:04.14
=======================
Reproduction successful
=======================
No differences in ./bin/Release/net9.0/minlib.dll
f9dd13b98dd45fd4f0b47d6ddbfd2d41f7f282a5b1948c05da9026503a20d9b0  ./bin/Release/net9.0/minlib.dll
However, other factors may still make the build unreproducible; try re-running with --vary=+all.
